{
  "checks": {
    "anova_reconstruction": true,
    "conductor_implies_cardinality_chernoff": true,
    "energy_is_product_bernoulli": true,
    "entropy_identity": true,
    "exact_second_moment": true,
    "nonprimitive_coefficients_vanish": true,
    "parseval_energy": true,
    "primitive_fractions_do_not_collide": true
  },
  "diagnostics": {
    "cardinality_cutoff": 0.2630344058337938,
    "chernoff_bound": 0.9137737132595113,
    "direct_second_moment": 0.3690112,
    "energy_product_error": 1.1102230246251565e-16,
    "entropy_I_rho": 0.47811241751317995,
    "entropy_identity_error": 0.0,
    "exact_second_moment": 0.3690112,
    "lambda": 0.5446665582501028,
    "low_energy_probability": 0.5445528735544695,
    "max_nonprimitive_coefficient": 3.127613752439657e-16,
    "reconstruction_error": 2.7755575615628914e-17
  },
  "parameters": {
    "H": 2,
    "cutoff": 1.2,
    "period": 385,
    "primes": [
      5,
      7,
      11
    ],
    "rho": 0.2
  },
  "result": "PASS",
  "scope": "finite algebra and normalization only"
}
